[2026-09-10T11:08:36.819Z][INFO] Command-line: 'C:\\Program Files\\Unity\\Hub\\Editor\\6000.5.5f1\\Editor\\Data\\Resources\\PackageManager\\Server\\UnityPackageManager.exe' server -s 5112 --ipc-path Unity-Upm-5112 -l 2 --log-file C:\\Users\\20241170150008\\Documents\\GitHub\\motores3pjd3v2026/Logs/upm.log
[2026-09-10T11:08:36.846Z][INFO] IPC server started (IPC path=Unity-Upm-5112).
[2026-09-10T11:08:36.846Z][INFO] Hint: To connect to this UPM instance, launch Unity with the command-line parameter -upmIpcPath Upm-5112.
[2026-09-10T11:08:44.911Z][INFO] project:list-packages <-- Request received
params: {}
[2026-09-10T11:08:44.914Z][INFO] project:list-packages --> 404 (3 ms)
[2026-09-10T11:08:44.925Z][INFO] project:list-packages <-- Request received
params: {}
[2026-09-10T11:08:44.930Z][INFO] project:list-packages --> 404 (5 ms)
[2026-09-10T11:08:45.111Z][INFO] config:project:get-registries <-- Request received
params: {}
[2026-09-10T11:08:45.112Z][INFO] config:project:get-registries --> 404 (1 ms)
[2026-09-10T11:08:45.125Z][INFO] project:list-packages <-- Request received
params: {}
[2026-09-10T11:08:45.126Z][INFO] project:list-packages --> 404 (1 ms)
[2026-09-10T11:08:45.192Z][INFO] project:update-dependencies <-- Request received
params: {}
[2026-09-10T11:08:45.217Z][INFO] project:update-dependencies --> 200 (25 ms)
[2026-09-10T11:08:45.260Z][INFO] project:resolve-packages <-- Request received
params: {}
[2026-09-10T11:08:46.107Z][INFO] Downloading package [com.unity.package-manager.metadata-6000.5@0.0.98] from registry 'https://packages.unity.com'
[2026-09-10T11:08:46.958Z][INFO] Finished downloading package [com.unity.package-manager.metadata-6000.5@0.0.98] from registry 'https://packages.unity.com' (size: 11.4 kB, time: 850ms)
[2026-09-10T11:08:47.491Z][INFO] project:resolve-packages --> 200 (2231 ms)
[2026-09-10T11:08:56.159Z][INFO] project:list-packages <-- Request received
params: {}
[2026-09-10T11:08:56.173Z][INFO] project:list-packages <-- Request received
params: {}
[2026-09-10T11:08:56.219Z][INFO] project:list-packages --> 200 (60 ms)
[2026-09-10T11:08:56.230Z][INFO] config:project:get-registries <-- Request received
params: {}
[2026-09-10T11:08:56.233Z][INFO] config:project:get-registries --> 200 (3 ms)
[2026-09-10T11:08:56.234Z][INFO] project:list-packages --> 200 (61 ms)
[2026-09-10T11:08:57.967Z][INFO] project:list-packages <-- Request received
params: {}
[2026-09-10T11:08:58.005Z][INFO] project:list-packages --> 200 (38 ms)
[2026-09-10T11:08:59.691Z][INFO] project:list-packages <-- Request received
params: {}
[2026-09-10T11:08:59.728Z][INFO] project:list-packages --> 200 (37 ms)
[2026-09-10T11:08:59.777Z][INFO] packages:get-all-packageinfo <-- Request received
params: {}
[2026-09-10T11:08:59.798Z][INFO] packages:get-all-packageinfo <-- Request received
params: {}
[2026-09-10T11:09:01.301Z][INFO] project:list-packages <-- Request received
params: {}
[2026-09-10T11:09:01.623Z][INFO] project:list-packages --> 200 (322 ms)
[2026-09-10T11:09:08.465Z][INFO] packages:get-all-packageinfo --> 200 (8667 ms)
[2026-09-10T11:09:08.919Z][INFO] packages:get-all-packageinfo --> 200 (9143 ms)
[2026-09-10T11:09:09.077Z][INFO] packages:get-packageinfo <-- Request received
params: {
  "packageId": "com.unity.addressables@2.9.1"
}
[2026-09-10T11:09:09.077Z][INFO] packages:get-packageinfo <-- Request received
params: {
  "packageId": "com.unity.ads.ios-support@1.0.1"
}
[2026-09-10T11:09:09.086Z][INFO] packages:get-packageinfo <-- Request received
params: {
  "packageId": "com.unity.ide.rider@3.0.40"
}
[2026-09-10T11:09:09.099Z][INFO] packages:get-packageinfo <-- Request received
params: {
  "packageId": "com.unity.inputsystem@1.19.0"
}
[2026-09-10T11:09:09.114Z][INFO] packages:get-packageinfo <-- Request received
params: {
  "packageId": "com.unity.learn.iet-framework@5.0.4"
}
[2026-09-10T11:09:09.129Z][INFO] packages:get-packageinfo <-- Request received
params: {
  "packageId": "com.unity.learn.iet-framework.authoring@1.5.4"
}
[2026-09-10T11:09:09.139Z][INFO] packages:get-packageinfo <-- Request received
params: {
  "packageId": "com.unity.microsoft.gdk@1.6.0"
}
[2026-09-10T11:09:09.146Z][INFO] packages:get-packageinfo --> 200 (60 ms)
[2026-09-10T11:09:09.146Z][INFO] packages:get-packageinfo --> 200 (69 ms)
[2026-09-10T11:09:09.150Z][INFO] packages:get-packageinfo --> 200 (73 ms)
[2026-09-10T11:09:09.153Z][INFO] packages:get-packageinfo <-- Request received
params: {
  "packageId": "com.unity.microsoft.gdk.tools@1.6.0"
}
[2026-09-10T11:09:09.162Z][INFO] packages:get-packageinfo <-- Request received
params: {
  "packageId": "com.unity.polyspatial.extensions@3.1.5"
}
[2026-09-10T11:09:09.177Z][INFO] packages:get-packageinfo <-- Request received
params: {
  "packageId": "com.unity.polyspatial.visionos@3.1.5"
}
[2026-09-10T11:09:09.184Z][INFO] packages:get-packageinfo --> 200 (85 ms)
[2026-09-10T11:09:09.191Z][INFO] packages:get-packageinfo <-- Request received
params: {
  "packageId": "com.unity.project-auditor-rules@1.0.3"
}
[2026-09-10T11:09:09.200Z][INFO] packages:get-packageinfo --> 200 (61 ms)
[2026-09-10T11:09:09.202Z][INFO] packages:get-packageinfo --> 200 (73 ms)
[2026-09-10T11:09:09.203Z][INFO] packages:get-packageinfo --> 200 (89 ms)
[2026-09-10T11:09:09.205Z][INFO] packages:get-packageinfo <-- Request received
params: {
  "packageId": "com.unity.scriptablebuildpipeline@2.6.2"
}
[2026-09-10T11:09:09.215Z][INFO] packages:get-packageinfo <-- Request received
params: {
  "packageId": "com.unity.xr.androidxr-openxr@1.3.2"
}
[2026-09-10T11:09:09.223Z][INFO] packages:get-packageinfo --> 200 (70 ms)
[2026-09-10T11:09:09.224Z][INFO] packages:get-packageinfo --> 200 (62 ms)
[2026-09-10T11:09:09.230Z][INFO] packages:get-packageinfo --> 200 (53 ms)
[2026-09-10T11:09:09.231Z][INFO] packages:get-packageinfo <-- Request received
params: {
  "packageId": "com.unity.xr.arcore@6.5.1"
}
[2026-09-10T11:09:09.239Z][INFO] packages:get-packageinfo --> 200 (48 ms)
[2026-09-10T11:09:09.242Z][INFO] packages:get-packageinfo --> 200 (27 ms)
[2026-09-10T11:09:09.244Z][INFO] packages:get-packageinfo --> 200 (39 ms)
[2026-09-10T11:09:09.244Z][INFO] packages:get-packageinfo <-- Request received
params: {
  "packageId": "com.unity.xr.arfoundation@6.5.1"
}
[2026-09-10T11:09:09.258Z][INFO] packages:get-packageinfo <-- Request received
params: {
  "packageId": "com.unity.xr.arkit@6.5.1"
}
[2026-09-10T11:09:09.265Z][INFO] packages:get-packageinfo --> 200 (34 ms)
[2026-09-10T11:09:09.272Z][INFO] packages:get-packageinfo <-- Request received
params: {
  "packageId": "com.unity.xr.compositionlayers@2.5.0"
}
[2026-09-10T11:09:09.284Z][INFO] packages:get-packageinfo --> 200 (40 ms)
[2026-09-10T11:09:09.287Z][INFO] packages:get-packageinfo <-- Request received
params: {
  "packageId": "com.unity.xr.hands@1.8.1"
}
[2026-09-10T11:09:09.302Z][INFO] packages:get-packageinfo --> 200 (44 ms)
[2026-09-10T11:09:09.302Z][INFO] packages:get-packageinfo <-- Request received
params: {
  "packageId": "com.unity.xr.interaction.toolkit@3.5.1"
}
[2026-09-10T11:09:09.312Z][INFO] packages:get-packageinfo --> 200 (40 ms)
[2026-09-10T11:09:09.315Z][INFO] packages:get-packageinfo <-- Request received
params: {
  "packageId": "com.unity.xr.management@4.5.4"
}
[2026-09-10T11:09:09.323Z][INFO] packages:get-packageinfo --> 200 (36 ms)
[2026-09-10T11:09:09.330Z][INFO] packages:get-packageinfo <-- Request received
params: {
  "packageId": "com.unity.xr.meta-openxr@2.5.1"
}
[2026-09-10T11:09:09.345Z][INFO] packages:get-packageinfo --> 200 (43 ms)
[2026-09-10T11:09:09.347Z][INFO] packages:get-packageinfo <-- Request received
params: {
  "packageId": "com.unity.xr.openxr@1.17.1"
}
[2026-09-10T11:09:09.358Z][INFO] packages:get-packageinfo <-- Request received
params: {
  "packageId": "com.unity.xr.visionos@3.1.5"
}
[2026-09-10T11:09:09.365Z][INFO] packages:get-packageinfo --> 200 (50 ms)
[2026-09-10T11:09:09.370Z][INFO] packages:get-packageinfo --> 200 (40 ms)
[2026-09-10T11:09:09.372Z][INFO] packages:get-packageinfo <-- Request received
params: {
  "packageId": "com.unity.services.friends@1.1.1"
}
[2026-09-10T11:09:09.381Z][INFO] packages:get-packageinfo --> 200 (34 ms)
[2026-09-10T11:09:09.385Z][INFO] packages:get-packageinfo --> 200 (27 ms)
[2026-09-10T11:09:09.386Z][INFO] packages:get-packageinfo <-- Request received
params: {
  "packageId": "com.unity.services.moderation@1.0.2"
}
[2026-09-10T11:09:09.393Z][INFO] packages:get-packageinfo --> 200 (21 ms)
[2026-09-10T11:09:09.397Z][INFO] packages:get-packageinfo --> 200 (11 ms)
[2026-09-10T11:09:09.400Z][INFO] packages:get-packageinfo <-- Request received
params: {
  "packageId": "com.unity.services.multiplayer@2.2.4"
}
[2026-09-10T11:09:09.412Z][INFO] packages:get-packageinfo --> 200 (11 ms)
